2026-07-03 11:46:09 [[32minfo[39m]: ✅ PostgreSQL connected
2026-07-03 11:46:09 [[31merror[39m]: Error: querySrv ENOTFOUND _mongodb._tcp.1998
    at QueryReqWrap.onresolve [as oncomplete] (node:internal/dns/promises:295:17)
2026-07-03 11:51:16 [[32minfo[39m]: ✅ PostgreSQL connected
2026-07-03 11:52:27 [[32minfo[39m]: ✅ PostgreSQL connected
2026-07-03 11:56:23 [[32minfo[39m]: ✅ PostgreSQL connected
2026-07-03 12:01:26 [[32minfo[39m]: ✅ PostgreSQL connected
2026-07-03 12:01:26 [[31merror[39m]: Error: querySrv ENOTFOUND _mongodb._tcp.1998
    at QueryReqWrap.onresolve [as oncomplete] (node:internal/dns/promises:295:17)
2026-07-03 12:01:49 [[32minfo[39m]: ✅ PostgreSQL connected
2026-07-03 12:01:49 [[31merror[39m]: MongoServerError: bad auth : authentication failed
    at Connection.sendCommand (C:\Praveen\finvault\finvault\backend\node_modules\mongodb\src\cmap\connection.ts:559:17)
    at processTicksAndRejections (node:internal/process/task_queues:104:5)
    at Connection.command (C:\Praveen\finvault\finvault\backend\node_modules\mongodb\src\cmap\connection.ts:633:22)
    at continueScramConversation (C:\Praveen\finvault\finvault\backend\node_modules\mongodb\src\cmap\auth\scram.ts:187:13)
    at executeScram (C:\Praveen\finvault\finvault\backend\node_modules\mongodb\src\cmap\auth\scram.ts:114:3)
    at ScramSHA1.auth (C:\Praveen\finvault\finvault\backend\node_modules\mongodb\src\cmap\auth\scram.ts:60:12)
    at performInitialHandshake (C:\Praveen\finvault\finvault\backend\node_modules\mongodb\src\cmap\connect.ts:164:7)
    at connect (C:\Praveen\finvault\finvault\backend\node_modules\mongodb\src\cmap\connect.ts:43:5)
2026-07-03 12:02:58 [[32minfo[39m]: ✅ PostgreSQL connected
2026-07-03 12:02:59 [[32minfo[39m]: ✅ MongoDB connected
2026-07-03 12:05:01 [[33mwarn[39m]: KafkaJSNonRetriableError
  Caused by: KafkaJSConnectionError: Connection error: 
    at Socket.onError (C:\Praveen\finvault\finvault\backend\node_modules\kafkajs\src\network\connection.js:210:23)
    at Socket.emit (node:events:509:28)
    at emitErrorNT (node:internal/streams/destroy:170:8)
    at emitErrorCloseNT (node:internal/streams/destroy:129:3)
    at processTicksAndRejections (node:internal/process/task_queues:90:21)
2026-07-03 12:05:02 [[32minfo[39m]: 🚀 FinVault backend running on http://localhost:4000
2026-07-03 12:05:02 [[32minfo[39m]: 📊 GraphQL Playground: http://localhost:4000/graphql
2026-07-03 12:53:08 [[32minfo[39m]: ✅ PostgreSQL connected
2026-07-03 12:53:09 [[32minfo[39m]: ✅ MongoDB connected
2026-07-03 12:55:23 [[33mwarn[39m]: KafkaJSNonRetriableError
  Caused by: KafkaJSConnectionError: Connection error: 
    at Socket.onError (C:\Praveen\finvault\backend\node_modules\kafkajs\src\network\connection.js:210:23)
    at Socket.emit (node:events:509:28)
    at emitErrorNT (node:internal/streams/destroy:170:8)
    at emitErrorCloseNT (node:internal/streams/destroy:129:3)
    at processTicksAndRejections (node:internal/process/task_queues:90:21)
2026-07-03 12:55:24 [[32minfo[39m]: 🚀 FinVault backend running on http://localhost:4000
2026-07-03 12:55:24 [[32minfo[39m]: 📊 GraphQL Playground: http://localhost:4000/graphql
2026-07-03 13:01:16 [[32minfo[39m]: ✅ PostgreSQL connected
2026-07-03 13:01:16 [[32minfo[39m]: ✅ MongoDB connected
2026-07-03 13:03:19 [[33mwarn[39m]: KafkaJSNonRetriableError
  Caused by: KafkaJSConnectionError: Connection error: 
    at Socket.onError (C:\Praveen\finvault\backend\node_modules\kafkajs\src\network\connection.js:210:23)
    at Socket.emit (node:events:509:28)
    at emitErrorNT (node:internal/streams/destroy:170:8)
    at emitErrorCloseNT (node:internal/streams/destroy:129:3)
    at processTicksAndRejections (node:internal/process/task_queues:90:21)
2026-07-03 13:14:16 [[32minfo[39m]: User registered: praveen@finvault.io
2026-07-17 11:57:40 [[32minfo[39m]: User registered: praveenamballa329@gmail.com
2026-07-17 12:01:44 [[32minfo[39m]: User logged in: praveenamballa329@gmail.com
2026-07-17 12:04:24 [[32minfo[39m]: User logged in: praveenamballa329@gmail.com
2026-07-17 12:07:22 [[32minfo[39m]: User logged in: praveenamballa329@gmail.com
2026-07-17 12:31:33 [[32minfo[39m]: User logged in: praveenamballa329@gmail.com
2026-07-17 12:32:25 [[32minfo[39m]: User logged in: praveenamballa329@gmail.com
2026-07-17 12:37:37 [[32minfo[39m]: ✅ PostgreSQL connected
2026-07-17 12:37:38 [[32minfo[39m]: ✅ MongoDB connected
2026-07-17 12:39:01 [[32minfo[39m]: User logged in: praveenamballa329@gmail.com
2026-07-17 12:40:05 [[33mwarn[39m]: KafkaJSNonRetriableError
  Caused by: KafkaJSConnectionError: Connection error: 
    at Socket.onError (C:\Praveen\finvault\backend\node_modules\kafkajs\src\network\connection.js:210:23)
    at Socket.emit (node:events:509:28)
    at emitErrorNT (node:internal/streams/destroy:170:8)
    at emitErrorCloseNT (node:internal/streams/destroy:129:3)
    at processTicksAndRejections (node:internal/process/task_queues:90:21)
2026-07-17 13:06:13 [[32minfo[39m]: User logged in: praveenamballa329@gmail.com
2026-07-17 13:13:27 [[32minfo[39m]: ✅ PostgreSQL connected
2026-07-17 13:13:28 [[32minfo[39m]: ✅ MongoDB connected
2026-07-17 13:13:58 [[32minfo[39m]: ✅ PostgreSQL connected
2026-07-17 13:13:58 [[32minfo[39m]: ✅ MongoDB connected
2026-07-17 13:16:10 [[33mwarn[39m]: KafkaJSNonRetriableError
  Caused by: KafkaJSConnectionError: Connection error: 
    at Socket.onError (C:\Praveen\finvault\backend\node_modules\kafkajs\src\network\connection.js:210:23)
    at Socket.emit (node:events:509:28)
    at emitErrorNT (node:internal/streams/destroy:170:8)
    at emitErrorCloseNT (node:internal/streams/destroy:129:3)
    at processTicksAndRejections (node:internal/process/task_queues:90:21)
2026-07-17 13:16:10 [[32minfo[39m]: 🚀 FinVault backend running on http://localhost:4000
2026-07-17 13:16:10 [[32minfo[39m]: 📊 GraphQL Playground: http://localhost:4000/graphql
2026-07-17 13:16:36 [[32minfo[39m]: User registered: praveenkadev@gmail.com
2026-07-26 16:03:34 [[31merror[39m]: Error: Connection terminated due to connection timeout
    at C:\Praveen\finvault\backend\node_modules\pg-pool\index.js:45:11
    at processTicksAndRejections (node:internal/process/task_queues:104:5)
    at connectPostgres (C:\Praveen\finvault\backend\src\config\database.ts:18:18)
    at bootstrap (C:\Praveen\finvault\backend\src\index.ts:69:5)
2026-07-26 16:08:14 [[32minfo[39m]: ✅ PostgreSQL connected
2026-07-26 16:08:15 [[32minfo[39m]: ✅ MongoDB connected
2026-07-26 16:10:26 [[33mwarn[39m]: KafkaJSNonRetriableError
  Caused by: KafkaJSConnectionError: Connection error: 
    at Socket.onError (C:\Praveen\finvault\backend\node_modules\kafkajs\src\network\connection.js:210:23)
    at Socket.emit (node:events:509:28)
    at emitErrorNT (node:internal/streams/destroy:170:8)
    at emitErrorCloseNT (node:internal/streams/destroy:129:3)
    at processTicksAndRejections (node:internal/process/task_queues:90:21)
2026-07-26 16:10:27 [[32minfo[39m]: 🚀 FinVault backend running on http://localhost:4000
2026-07-26 16:10:27 [[32minfo[39m]: 📊 GraphQL Playground: http://localhost:4000/graphql
2026-07-26 16:13:41 [[32minfo[39m]: User logged in: praveenamballa329@gmail.com
2026-07-26 16:37:01 [[32minfo[39m]: User logged in: praveenamballa329@gmail.com
2026-07-26 16:38:15 [[32minfo[39m]: User logged in: praveenamballa329@gmail.com
2026-07-26 16:39:49 [[32minfo[39m]: User logged in: praveenamballa329@gmail.com
2026-07-26 16:44:52 [[32minfo[39m]: User logged in: praveenamballa329@gmail.com
2026-07-26 16:48:51 [[32minfo[39m]: User logged in: praveenamballa329@gmail.com
2026-07-26 17:16:43 [[32minfo[39m]: ✅ PostgreSQL connected
2026-07-26 17:16:44 [[32minfo[39m]: ✅ MongoDB connected
2026-07-26 17:18:41 [[33mwarn[39m]: KafkaJSNonRetriableError
  Caused by: KafkaJSConnectionError: Connection error: 
    at Socket.onError (C:\Praveen\finvault\backend\node_modules\kafkajs\src\network\connection.js:210:23)
    at Socket.emit (node:events:509:28)
    at emitErrorNT (node:internal/streams/destroy:170:8)
    at emitErrorCloseNT (node:internal/streams/destroy:129:3)
    at processTicksAndRejections (node:internal/process/task_queues:90:21)
2026-07-26 17:18:42 [[32minfo[39m]: 🚀 FinVault backend running on http://localhost:4000
2026-07-26 17:18:42 [[32minfo[39m]: 📊 GraphQL Playground: http://localhost:4000/graphql
2026-07-26 17:18:56 [[32minfo[39m]: User logged in: praveenamballa329@gmail.com
2026-07-26 19:55:44 [[32minfo[39m]: ✅ PostgreSQL connected
2026-07-26 19:55:44 [[32minfo[39m]: ✅ MongoDB connected
2026-07-26 19:57:30 [[33mwarn[39m]: KafkaJSNonRetriableError
  Caused by: KafkaJSConnectionError: Connection error: 
    at Socket.onError (C:\Praveen\finvault\backend\node_modules\kafkajs\src\network\connection.js:210:23)
    at Socket.emit (node:events:509:28)
    at emitErrorNT (node:internal/streams/destroy:170:8)
    at emitErrorCloseNT (node:internal/streams/destroy:129:3)
    at processTicksAndRejections (node:internal/process/task_queues:90:21)
2026-07-26 19:57:31 [[32minfo[39m]: 🚀 FinVault backend running on http://localhost:4000
2026-07-26 19:57:31 [[32minfo[39m]: 📊 GraphQL Playground: http://localhost:4000/graphql
2026-07-28 09:51:14 [[32minfo[39m]: ✅ PostgreSQL connected
2026-07-28 09:51:15 [[32minfo[39m]: ✅ MongoDB connected
2026-07-28 09:53:03 [[33mwarn[39m]: KafkaJSNonRetriableError
  Caused by: KafkaJSConnectionError: Connection error: 
    at Socket.onError (C:\Praveen\finvault\backend\node_modules\kafkajs\src\network\connection.js:210:23)
    at Socket.emit (node:events:509:28)
    at emitErrorNT (node:internal/streams/destroy:170:8)
    at emitErrorCloseNT (node:internal/streams/destroy:129:3)
    at processTicksAndRejections (node:internal/process/task_queues:90:21)
2026-07-28 09:53:04 [[32minfo[39m]: 🚀 FinVault backend running on http://localhost:4000
2026-07-28 09:53:04 [[32minfo[39m]: 📊 GraphQL Playground: http://localhost:4000/graphql
2026-07-28 12:47:14 [[32minfo[39m]: ✅ PostgreSQL connected
2026-07-28 12:47:16 [[32minfo[39m]: ✅ MongoDB connected
2026-07-28 12:49:27 [[33mwarn[39m]: KafkaJSNonRetriableError
  Caused by: KafkaJSConnectionError: Connection error: 
    at Socket.onError (C:\Praveen\finvault\backend\node_modules\kafkajs\src\network\connection.js:210:23)
    at Socket.emit (node:events:509:28)
    at emitErrorNT (node:internal/streams/destroy:170:8)
    at emitErrorCloseNT (node:internal/streams/destroy:129:3)
    at processTicksAndRejections (node:internal/process/task_queues:90:21)
2026-07-28 12:49:27 [[32minfo[39m]: 🚀 FinVault backend running on http://localhost:4000
2026-07-28 12:49:27 [[32minfo[39m]: 📊 GraphQL Playground: http://localhost:4000/graphql
